exports[`Trail List component renders correctly 1`] = `
<View>
  <View
    style={Object {}}>
    <Image
      source={1}
      style={
        Object {
          "marginTop": 65,
        }
      } />
    <ScrollView
      dataSource={
        ListViewDataSource {
          "items": "unknown",
        }
      }
      enableEmptySections={true}
      initialListSize={10}
      onContentSizeChange={[Function]}
      onEndReachedThreshold={1000}
      onKeyboardDidHide={undefined}
      onKeyboardDidShow={undefined}
      onKeyboardWillHide={undefined}
      onKeyboardWillShow={undefined}
      onLayout={[Function]}
      onScroll={[Function]}
      pageSize={1}
      removeClippedSubviews={true}
      renderRow={[Function]}
      renderSeparator={[Function]}
      scrollEventThrottle={50}
      scrollRenderAheadDistance={1000}
      stickyHeaderIndices={Array []}
      style={Object {}} />
  </View>
</View>
`;
